%!Adobe-FontList 1.14
%Locale:0x804

%BeginFont
Handler:DirectoryHandler
FontType:TrueType
FontName:Univers-Condensed
FamilyName:Univers 57 Condensed
StyleName:Regular
FullName:Univers 57 Condensed
MenuName:Univers 57 Condensed
StyleBits:0
WritingScript:Roman
OutlineFileName:E:\黄金\DIV+CSS\images\Font\univers-57-condensed-1361510623.ttf
DataFormat:sfntData
FileLength:55064
FileModTime:1437556136
WeightClass:400
WidthClass:3
AngleClass:0
%EndFont

%BeginFont
Handler:DirectoryHandler
FontType:TrueType
FontName:FZZZHONGJW--GB1-0
FamilyName:FZZhengHeiS-DB-GB
StyleName:Regular
FullName:FZZhengHeiS-DB-GB
MenuName:方正正中黑简体
StyleBits:0
FamilyNameNative:方正正中黑简体
StyleNameNative:Regular
FullNameNative:方正正中黑简体
WritingScript:SimplifiedChinese
OutlineFileName:E:\黄金\DIV+CSS\images\Font\方正正中黑简体.TTF
DataFormat:sfntData
FileLength:2037116
FileModTime:1437556140
WeightClass:400
WidthClass:5
AngleClass:0
%EndFont

%BeginFont
Handler:DirectoryHandler
FontType:TrueType
FontName:FZZXHJW--GB1-0
FamilyName:FZZhengHeiS-EL-GB
StyleName:Regular
FullName:FZZhengHeiS-EL-GB
MenuName:方正正纤黑简体
StyleBits:0
FamilyNameNative:方正正纤黑简体
StyleNameNative:Regular
FullNameNative:方正正纤黑简体
WritingScript:SimplifiedChinese
OutlineFileName:E:\黄金\DIV+CSS\images\Font\方正正纤黑简体.ttf
DataFormat:sfntData
FileLength:2029868
FileModTime:1437556136
WeightClass:400
WidthClass:5
AngleClass:0
%EndFont

